// Jest Snapshot v1, https://goo.gl/fbAQLP

exports[`RoomBadges renders 1`] = `
<React.Fragment>
  <AdaptableBadge
    icon={
      <TextIcon
        code=""
        style={
          Object {
            "alignSelf": "center",
            "color": "#0176D2",
            "fontSize": 12,
            "marginEnd": 5,
          }
        }
      />
    }
    style={
      Object {
        "backgroundColor": "#e0f6ff",
        "marginTop": 5,
      }
    }
    textStyle={
      Object {
        "color": "#0176D2",
        "fontSize": 12,
      }
    }
    translation={
      <Translation
        id="single_hotel.room_badges.breakfast_included"
      />
    }
  />
  <AdaptableBadge
    icon={
      <TextIcon
        code="r"
        style={
          Object {
            "alignSelf": "center",
            "color": "#0176D2",
            "fontSize": 12,
            "marginEnd": 5,
          }
        }
      />
    }
    style={
      Object {
        "backgroundColor": "#e0f6ff",
        "marginTop": 5,
      }
    }
    textStyle={
      Object {
        "color": "#0176D2",
        "fontSize": 12,
      }
    }
    translation={
      <Translation
        id="single_hotel.room_badges.free_cancellation"
      />
    }
  />
</React.Fragment>
`;
