// Jest Snapshot v1, https://goo.gl/fbAQLP

exports[`RoomBadges renders 1`] = `
<React.Fragment>
  <AdaptableBadge
    icon={
      <Icon
        color="#0176D2"
        name="coffee"
        style={
          Object {
            "alignSelf": "center",
            "fontSize": 12,
            "height": 12,
            "lineHeight": 12,
            "marginEnd": 5,
            "width": 12,
          }
        }
      />
    }
    style={
      Object {
        "backgroundColor": "#e0f6ff",
        "marginTop": 5,
      }
    }
    textStyle={
      Object {
        "color": "#0176D2",
        "fontSize": 12,
      }
    }
    translation={
      <Translation
        id="single_hotel.room_badges.breakfast_included"
      />
    }
  />
  <AdaptableBadge
    icon={
      <Icon
        color="#0176D2"
        name="information-circle"
        style={
          Object {
            "alignSelf": "center",
            "fontSize": 12,
            "height": 12,
            "lineHeight": 12,
            "marginEnd": 5,
            "width": 12,
          }
        }
      />
    }
    style={
      Object {
        "backgroundColor": "#e0f6ff",
        "marginTop": 5,
      }
    }
    textStyle={
      Object {
        "color": "#0176D2",
        "fontSize": 12,
      }
    }
    translation={
      <Translation
        id="single_hotel.room_badges.free_cancellation"
      />
    }
  />
</React.Fragment>
`;
