// Jest Snapshot v1, https://goo.gl/fbAQLP

exports[`RoomBadges renders 1`] = `
Array [
  <AdaptableBadge
    icon={
      <TextIcon
        code=""
        style={
          Object {
            "alignSelf": "flex-end",
            "color": "rgb(49, 161, 30)",
            "fontSize": 10,
            "marginRight": 5,
          }
        }
      />
    }
    style={
      Object {
        "backgroundColor": "rgba(49, 161, 30, 0.15)",
        "marginTop": 5,
      }
    }
    textStyle={
      Object {
        "color": "rgb(49, 161, 30)",
        "fontFamily": "SFProText-Semibold",
        "fontSize": 10,
      }
    }
    translation={
      <Translation
        id="single_hotel.room_badges.breakfast_included"
      />
    }
  />,
  <AdaptableBadge
    icon={
      <TextIcon
        code="'"
        style={
          Object {
            "alignSelf": "flex-end",
            "color": "rgb(49, 161, 30)",
            "fontSize": 10,
            "marginRight": 5,
          }
        }
      />
    }
    style={
      Object {
        "backgroundColor": "rgba(49, 161, 30, 0.15)",
        "marginTop": 5,
      }
    }
    textStyle={
      Object {
        "color": "rgb(49, 161, 30)",
        "fontFamily": "SFProText-Semibold",
        "fontSize": 10,
      }
    }
    translation={
      <Translation
        id="single_hotel.room_badges.free_cancellation"
      />
    }
  />,
]
`;
