// Jest Snapshot v1, https://goo.gl/fbAQLP

exports[`SearchForm Render all inputs 1`] = `
<View
  style={
    Object {
      "backgroundColor": "#0cb3c7",
      "padding": 10,
    }
  }
>
  <LocationButton
    location="Pra"
    onPress={[MockFunction]}
  />
  <View
    style={
      Object {
        "marginTop": 10,
      }
    }
  >
    <DateInput
      checkin={1970-01-01T00:00:00.001Z}
      checkout={1970-01-01T00:00:00.002Z}
      onChange={[MockFunction]}
    />
  </View>
  <View
    style={
      Object {
        "marginTop": 10,
      }
    }
  >
    <Guests
      guests={
        Object {
          "adultsCount": 1,
          "children": Array [],
        }
      }
      onChange={[Function]}
    />
  </View>
</View>
`;
