// Jest Snapshot v1, https://goo.gl/fbAQLP

exports[`SearchForm Render all inputs 1`] = `
<View
  style={
    Object {
      "backgroundColor": "#0cb3c7",
      "padding": 10,
    }
  }
>
  <View
    style={
      Object {
        "marginBottom": 6,
      }
    }
  >
    <TextInput
      iconName="location-city"
      onChangeText={[Function]}
      placeholder="Where do you go?"
      value="Pra"
    />
  </View>
  <View
    style={
      Object {
        "flexDirection": "row",
        "height": 40,
      }
    }
  >
    <DatePicker
      date={1970-01-01T00:00:00.001Z}
      format="DD/MM/YYYY"
      minDate={2018-01-01T00:00:00.000Z}
      onDateChange={[Function]}
      placeholder="Start date"
      style={
        Object {
          "flex": 1,
          "marginRight": 10,
        }
      }
    />
    <DatePicker
      date={1970-01-01T00:00:00.002Z}
      format="DD/MM/YYYY"
      minDate={2018-01-02T00:00:00.000Z}
      onDateChange={[Function]}
      placeholder="End date"
      style={
        Object {
          "flex": 1,
          "marginRight": 10,
        }
      }
    />
    <Guests
      guests={
        Object {
          "adultsCount": 1,
          "children": Array [],
        }
      }
      onChange={[Function]}
    />
  </View>
</View>
`;
