// Jest Snapshot v1, https://goo.gl/fbAQLP

exports[`SearchForm Render all inputs 1`] = `
<Component
  style={
    Object {
      "backgroundColor": "#ffffff",
      "paddingHorizontal": 10,
      "paddingTop": 10,
    }
  }
>
  <LocationButton
    location="Pra"
    onPress={[Function]}
  />
  <Component
    style={
      Object {
        "marginTop": 10,
      }
    }
  >
    <DateInput
      checkin={1970-01-01T00:00:00.001Z}
      checkout={1970-01-01T00:00:00.002Z}
      onChange={[MockFunction]}
    />
  </Component>
  <Component
    style={
      Object {
        "marginTop": 10,
      }
    }
  >
    <Guests
      guests={
        Object {
          "adultsCount": 1,
          "children": Array [],
        }
      }
    />
  </Component>
</Component>
`;
