// Jest Snapshot v1, https://goo.gl/fbAQLP

exports[`FastTrackBanner Should render correctly 1`] = `
<View
  style={
    Object {
      "padding": 16,
    }
  }
>
  <View
    style={
      Object {
        "flexDirection": "row",
        "justifyContent": "flex-start",
      }
    }
  >
    <Text
      style={
        Array [
          Object {
            "fontFamily": "orbit-icons",
          },
          Object {
            "fontSize": 24,
            "height": 24,
            "lineHeight": 24,
            "width": 24,
          },
          Object {
            "color": "#7f91a8",
          },
          Array [
            undefined,
            null,
          ],
        ]
      }
    >
      
    </Text>
    <Text
      style={
        Array [
          Object {
            "color": "#171b1e",
            "fontFamily": "CircularPro-Book",
            "fontSize": 14,
            "fontWeight": "normal",
            "letterSpacing": -0.15,
          },
          Object {
            "color": "#171b1e",
            "fontSize": 16,
            "fontWeight": "bold",
            "marginBottom": 16,
            "marginStart": 8,
            "textAlign": "center",
          },
        ]
      }
    >
      <Text>
        Milan Bergamo Stopover Bundle
      </Text>
    </Text>
  </View>
  <Text
    style={
      Array [
        Object {
          "color": "#171b1e",
          "fontFamily": "CircularPro-Book",
          "fontSize": 14,
          "fontWeight": "normal",
          "letterSpacing": -0.15,
        },
        Object {
          "color": "#46515e",
          "fontSize": 14,
          "lineHeight": 19,
          "marginBottom": 24,
        },
      ]
    }
  >
    <Text>
      VIP treatment is waiting for you at Milan Bergamo Airport with Fast Track and baggage assistance.
    </Text>
  </Text>
  <Text
    style={
      Array [
        Object {
          "color": "#171b1e",
          "fontFamily": "CircularPro-Book",
          "fontSize": 14,
          "fontWeight": "normal",
          "letterSpacing": -0.15,
        },
        Object {
          "color": "#7f91a8",
          "fontSize": 12,
          "fontWeight": "bold",
          "textTransform": "uppercase",
        },
      ]
    }
  >
    <Text>
      Services included
    </Text>
  </Text>
  <View
    style={
      Object {
        "marginBottom": 16,
        "marginTop": 8,
      }
    }
  >
    <View
      style={
        Object {
          "alignItems": "center",
          "flexDirection": "row",
          "marginBottom": 8,
        }
      }
    >
      <Text
        style={
          Array [
            Object {
              "fontFamily": "orbit-icons",
            },
            Object {
              "fontSize": 24,
              "height": 24,
              "lineHeight": 24,
              "width": 24,
            },
            Object {
              "color": "#7f91a8",
            },
            Array [
              undefined,
              null,
            ],
          ]
        }
      >
        
      </Text>
      <Text
        style={
          Array [
            Object {
              "color": "#171b1e",
              "fontFamily": "CircularPro-Book",
              "fontSize": 14,
              "fontWeight": "normal",
              "letterSpacing": -0.15,
            },
            Object {
              "color": "#46515e",
              "fontWeight": "bold",
              "marginStart": 4,
            },
          ]
        }
      >
        <Text>
          Fast track security route
        </Text>
      </Text>
    </View>
    <View
      style={
        Object {
          "alignItems": "center",
          "flexDirection": "row",
          "marginBottom": 8,
        }
      }
    >
      <Text
        style={
          Array [
            Object {
              "fontFamily": "orbit-icons",
            },
            Object {
              "fontSize": 24,
              "height": 24,
              "lineHeight": 24,
              "width": 24,
            },
            Object {
              "color": "#7f91a8",
            },
            Array [
              undefined,
              null,
            ],
          ]
        }
      >
        h
      </Text>
      <Text
        style={
          Array [
            Object {
              "color": "#171b1e",
              "fontFamily": "CircularPro-Book",
              "fontSize": 14,
              "fontWeight": "normal",
              "letterSpacing": -0.15,
            },
            Object {
              "color": "#46515e",
              "fontWeight": "bold",
              "marginStart": 4,
            },
          ]
        }
      >
        <Text>
          Baggage handling assistance
        </Text>
      </Text>
    </View>
  </View>
  <View
    accessible={true}
    isTVSelectable={true}
    onResponderGrant={[Function]}
    onResponderMove={[Function]}
    onResponderRelease={[Function]}
    onResponderTerminate={[Function]}
    onResponderTerminationRequest={[Function]}
    onStartShouldSetResponder={[Function]}
    style={
      Object {
        "alignItems": "center",
        "backgroundColor": "#00a991",
        "borderRadius": 6,
        "flexGrow": 1,
        "height": 44,
        "justifyContent": "center",
        "opacity": 1,
        "paddingHorizontal": 11,
      }
    }
  >
    <Text
      style={
        Array [
          Object {
            "color": "#171b1e",
            "fontFamily": "CircularPro-Book",
            "fontSize": 14,
            "fontWeight": "normal",
            "letterSpacing": -0.15,
          },
          Array [
            Object {
              "fontWeight": "500",
            },
            Array [
              Object {
                "color": "#fff",
              },
              false,
            ],
          ],
        ]
      }
    >
      <Text>
        Show QR Code
      </Text>
    </Text>
  </View>
  <View>
    <View
      style={
        Object {
          "flex": 1,
          "paddingTop": 24,
        }
      }
    >
      <View
        style={
          Object {
            "flex": 1,
          }
        }
      >
        <RCTWebView
          messagingEnabled={false}
          onLoadingError={[Function]}
          onLoadingFinish={[Function]}
          onLoadingStart={[Function]}
          onMessage={[Function]}
          onShouldStartLoadWithRequest={[Function]}
          scalesPageToFit={true}
          source={
            Object {
              "uri": "",
            }
          }
          style={
            Array [
              Object {
                "flex": 1,
              },
              Object {
                "backgroundColor": "#ffffff",
              },
              Object {
                "backgroundColor": "transparent",
                "flex": 1,
              },
            ]
          }
        />
      </View>
      <View
        style={
          Object {
            "paddingBottom": 8,
            "paddingHorizontal": 8,
          }
        }
      >
        <View
          accessible={true}
          isTVSelectable={true}
          onResponderGrant={[Function]}
          onResponderMove={[Function]}
          onResponderRelease={[Function]}
          onResponderTerminate={[Function]}
          onResponderTerminationRequest={[Function]}
          onStartShouldSetResponder={[Function]}
          style={
            Object {
              "alignItems": "center",
              "backgroundColor": "#e8edf1",
              "borderRadius": 6,
              "flexGrow": 1,
              "height": 44,
              "justifyContent": "center",
              "opacity": 1,
              "paddingHorizontal": 11,
            }
          }
        >
          <Text
            style={
              Array [
                Object {
                  "color": "#171b1e",
                  "fontFamily": "CircularPro-Book",
                  "fontSize": 14,
                  "fontWeight": "normal",
                  "letterSpacing": -0.15,
                },
                Array [
                  Object {
                    "fontWeight": "500",
                  },
                  Array [
                    Object {
                      "color": "#46515e",
                    },
                    false,
                  ],
                ],
              ]
            }
          >
            <Text>
              Close modal
            </Text>
          </Text>
        </View>
      </View>
    </View>
  </View>
</View>
`;
