// Jest Snapshot v1, https://goo.gl/fbAQLP

exports[`renders correctly when active 1`] = `
<View
  accessible={true}
  isTVSelectable={true}
  onResponderGrant={[Function]}
  onResponderMove={[Function]}
  onResponderRelease={[Function]}
  onResponderTerminate={[Function]}
  onResponderTerminationRequest={[Function]}
  onStartShouldSetResponder={[Function]}
  style={
    Object {
      "alignItems": "center",
      "backgroundColor": "#0172CB",
      "borderRadius": 2,
      "flexGrow": 1,
      "height": 32,
      "justifyContent": "center",
      "marginEnd": 8,
      "opacity": 1,
      "paddingHorizontal": 10,
    }
  }
>
  <View
    style={
      Object {
        "alignItems": "center",
        "flexDirection": "row",
      }
    }
  >
    <Text
      style={
        Array [
          Object {
            "color": "#171b1e",
            "fontFamily": "CircularPro-Book",
            "fontSize": 14,
            "fontWeight": "normal",
            "letterSpacing": -0.15,
          },
          Array [
            Object {
              "color": "#252A31",
              "fontSize": 12,
              "lineHeight": 17,
            },
            Object {
              "color": "#fff",
            },
          ],
        ]
      }
    >
      <Text>
        title
      </Text>
    </Text>
    <View
      style={
        Object {
          "alignItems": "center",
          "backgroundColor": "#01508E",
          "borderBottomEndRadius": 2,
          "borderTopEndRadius": 2,
          "height": 32,
          "justifyContent": "center",
          "marginEnd": -10,
          "marginStart": 10,
          "width": 32,
        }
      }
      testID="closeWrapper"
    >
      <Text
        style={
          Array [
            Object {
              "fontFamily": "orbit-icons",
            },
            Object {
              "fontSize": 16,
              "height": 16,
              "lineHeight": 16,
              "width": 16,
            },
            Object {
              "color": "#fff",
            },
            Array [
              undefined,
              null,
            ],
          ]
        }
      >
        X
      </Text>
    </View>
  </View>
</View>
`;
