// Jest Snapshot v1, https://goo.gl/fbAQLP

exports[`Price renders null values correctly 1`] = `
<Text
  style={undefined}
>
  <Translation
    passThrough=""
  />
</Text>
`;

exports[`Price renders null values correctly 2`] = `
<Text
  style={undefined}
>
  <Translation
    passThrough=""
  />
</Text>
`;

exports[`Price renders null values correctly 3`] = `
<Text
  style={undefined}
>
  <Translation
    passThrough=""
  />
</Text>
`;
