// Jest Snapshot v1, https://goo.gl/fbAQLP

exports[`renders 1`] = `
<SimpleCard
  style={
    Object {
      "padding": 0,
    }
  }
>
  <MenuGroup
    customSeparator={
      <SeparatorTrimmed
        gapSizeEnd={15}
        gapSizeStart={15}
      />
    }
  >
    <Row>
      <PassengerMenuItem
        name={
          <TitleTranslation
            name="Trond Bergquist"
            title="Mr"
          />
        }
        title={
          <Translation
            id="mmb.passenger.nationality.label"
          />
        }
        value={
          <Translation
            passThrough="NO"
          />
        }
      />
      <PassengerMenuItem
        title={
          <Translation
            id="mmb.passenger.birthday"
          />
        }
        value={
          <Translation
            passThrough="5/10/1984"
          />
        }
      />
    </Row>
    <Row>
      <PassengerMenuItem
        title={
          <Translation
            id="mmb.passenger.id"
          />
        }
        value={
          <Translation
            passThrough="123456"
          />
        }
      />
      <PassengerMenuItem
        title={
          <Translation
            id="mmb.passenger.insurance"
          />
        }
        value={
          <Translation
            passThrough="Travel Plus"
          />
        }
      />
    </Row>
    <VisaInformationWithContext
      requiredIn={Array []}
      warningIn={Array []}
    >
      <VisaRequired
        countries={Array []}
      />
      <VisaWarning
        countries={Array []}
      />
    </VisaInformationWithContext>
  </MenuGroup>
</SimpleCard>
`;
