// Jest Snapshot v1, https://goo.gl/fbAQLP

exports[`resolves the "updateFieldValue" action 1`] = `
Object {
  "fields": Object {
    "ID1": "ID1_value",
    "ID2": "ID2_value",
  },
  "lastFocusedField": "ID2",
  "systemSuggested": "",
}
`;

exports[`returns initial state for unknown actions 1`] = `
Object {
  "fields": Object {},
  "lastFocusedField": "",
  "systemSuggested": "",
}
`;
