// Jest Snapshot v1, https://goo.gl/fbAQLP

exports[`GuestsModalScreen Renders correctly 1`] = `
<Component
  style={
    Object {
      "flex": 1,
      "paddingTop": 20,
    }
  }
>
  <Component
    style={
      Object {
        "backgroundColor": "#ffffff",
        "paddingLeft": 15,
      }
    }
  >
    <GuestsNumberControl
      adultsCount={0}
      childCount={0}
      handleAdultChange={[Function]}
      handleChildrenChange={[Function]}
    />
  </Component>
</Component>
`;
