// Jest Snapshot v1, https://goo.gl/fbAQLP

exports[`GuestsModalScreen Renders correctly 1`] = `
<GuestsModal
  guests={
    Object {
      "adultsCount": 0,
      "children": Array [],
    }
  }
  handleAdultChange={[Function]}
  handleChildrenAgesChange={[Function]}
  handleChildrenChange={[Function]}
  isMissingAge={false}
/>
`;
