// Jest Snapshot v1, https://goo.gl/fbAQLP

exports[`formats date 1`] = `
<Text
  accessible={true}
  allowFontScaling={true}
  ellipsizeMode="tail"
  style={
    Array [
      undefined,
      Object {
        "color": "#888",
        "fontSize": 14,
        "fontWeight": "normal",
        "letterSpacing": -0.15,
      },
    ]
  }
>
  2017-11-17
</Text>
`;

exports[`returns NULL without datetime parameter 1`] = `null`;
