// Jest Snapshot v1, https://goo.gl/fbAQLP

exports[`DatePicker renders 1`] = `
<Component
  style={
    Object {
      "borderRadius": 0,
      "elevation": 1,
      "height": 47,
    }
  }
>
  <DatePicker
    TouchableComponent={[Function]}
    androidMode="default"
    cancelBtnText="Cancel"
    confirmBtnText="Select date"
    customStyles={
      Object {
        "btnCancel": Object {
          "paddingHorizontal": 20,
          "paddingVertical": 10,
        },
        "btnConfirm": Object {
          "paddingHorizontal": 20,
          "paddingVertical": 10,
        },
        "btnTextCancel": Object {
          "color": "#0097a9",
        },
        "btnTextConfirm": Object {
          "color": "#0097a9",
        },
        "dateIcon": Object {
          "left": 0,
          "marginLeft": 10,
          "position": "absolute",
        },
        "dateInput": Object {
          "alignItems": "flex-start",
          "backgroundColor": "transparent",
          "borderWidth": 0,
          "padding": 10,
          "paddingLeft": 40,
        },
        "dateText": Object {
          "color": "#30363d",
          "fontSize": 14,
        },
        "dateTouchBody": Object {
          "backgroundColor": "#fff",
          "borderRadius": 0,
          "height": 47,
        },
        "originalDatePickerWrapper": Object {
          "borderRadius": 0,
          "elevation": 1,
          "height": 47,
        },
      }
    }
    date=""
    disabled={false}
    duration={100}
    format="YYYY-MM-DD"
    height={259}
    hideText={false}
    iconComponent={
      <Component
        style={
          Object {
            "left": 0,
            "marginLeft": 10,
            "position": "absolute",
          }
        }
      >
        <Icon
          color="#757575"
          name="date-range"
          size={20}
        />
      </Component>
    }
    iconSource={
      Object {
        "testUri": "../../react-native-datepicker/date_icon.png",
      }
    }
    modalOnResponderTerminationRequest={[Function]}
    mode="date"
    placeholder="select date"
    showIcon={true}
    style={
      Object {
        "width": null,
      }
    }
  />
</Component>
`;
