// Jest Snapshot v1, https://goo.gl/fbAQLP

exports[`renders without crashing 1`] = `
<Button
  disabled={false}
  onPress={[Function]}
  testID="bookNowButton"
  type="primary"
>
  <Text
    style={
      Object {
        "color": "#fff",
        "fontSize": 16,
        "fontWeight": "800",
      }
    }
  >
    <Translation
      id="single_hotel.book_now"
    />
  </Text>
</Button>
`;

exports[`renders without crashing with missing data 1`] = `
<Button
  disabled={false}
  onPress={[Function]}
  testID="bookNowButton"
  type="primary"
>
  <Text
    style={
      Object {
        "color": "#fff",
        "fontSize": 16,
        "fontWeight": "800",
      }
    }
  >
    <Translation
      id="single_hotel.book_now"
    />
  </Text>
</Button>
`;
