// Jest Snapshot v1, https://goo.gl/fbAQLP

exports[`renders without crashing 1`] = `
<Component
  style={
    Object {
      "backgroundColor": "#00a991",
      "bottom": 0,
      "end": 0,
      "flex": 1,
      "position": "absolute",
      "start": 0,
    }
  }
>
  <Touchable
    borderlessRipple={false}
    disabled={false}
    onPress={[Function]}
    rippleColor="rgba(0, 0, 0, .32)"
  >
    <BookNowText
      buttonPriceStyle={
        Object {
          "color": "white",
          "fontSize": 12,
          "textAlign": "center",
        }
      }
      numberOfRooms={1}
      personCount={2}
      price={
        <Price
          amount={100}
          currency="EUR"
          style={
            Object {
              "color": "white",
              "fontSize": 12,
              "textAlign": "center",
            }
          }
        />
      }
    />
  </Touchable>
</Component>
`;

exports[`renders without crashing with missing data 1`] = `null`;
