// Jest Snapshot v1, https://goo.gl/fbAQLP

exports[`renders without crashing 1`] = `
<View
  style={
    Object {
      "backgroundColor": "#0097A9",
      "bottom": 0,
      "flex": 1,
      "left": 0,
      "position": "absolute",
      "right": 0,
    }
  }
>
  <TouchableItem
    activeOpacity={0.6}
    borderless={false}
    onPress={[Function]}
    pressColor="rgba(0, 0, 0, .32)"
  >
    <View
      style={
        Object {
          "paddingVertical": 14,
        }
      }
    >
      <ButtonText
        style={
          Object {
            "color": "white",
            "fontSize": 16,
            "fontWeight": "800",
            "textAlign": "center",
          }
        }
        text="Book Now"
      />
      <Price
        amount={100}
        currency="EUR"
        style={
          Object {
            "color": "white",
            "fontSize": 12,
            "textAlign": "center",
          }
        }
      />
    </View>
  </TouchableItem>
</View>
`;

exports[`renders without crashing with missing data 1`] = `null`;
