// Jest Snapshot v1, https://goo.gl/fbAQLP

exports[`works as expected 1`] = `
<Text
  accessible={true}
  allowFontScaling={true}
  disabled={false}
  ellipsizeMode="tail"
>
  0
  h 
  0
  m
</Text>
`;

exports[`works as expected 2`] = `
<Text
  accessible={true}
  allowFontScaling={true}
  disabled={false}
  ellipsizeMode="tail"
>
  0
  h 
  0
  m
</Text>
`;

exports[`works as expected 3`] = `
<Text
  accessible={true}
  allowFontScaling={true}
  disabled={false}
  ellipsizeMode="tail"
>
  0
  h 
  1
  m
</Text>
`;

exports[`works as expected 4`] = `
<Text
  accessible={true}
  allowFontScaling={true}
  disabled={false}
  ellipsizeMode="tail"
>
  0
  h 
  59
  m
</Text>
`;

exports[`works as expected 5`] = `
<Text
  accessible={true}
  allowFontScaling={true}
  disabled={false}
  ellipsizeMode="tail"
>
  1
  h 
  0
  m
</Text>
`;

exports[`works as expected 6`] = `
<Text
  accessible={true}
  allowFontScaling={true}
  disabled={false}
  ellipsizeMode="tail"
>
  2
  h 
  1
  m
</Text>
`;

exports[`works as expected 7`] = `
<Text
  accessible={true}
  allowFontScaling={true}
  disabled={false}
  ellipsizeMode="tail"
>
  168
  h 
  0
  m
</Text>
`;

exports[`works as with falsey values 1`] = `
<Text
  accessible={true}
  allowFontScaling={true}
  disabled={false}
  ellipsizeMode="tail"
>
  0
  h 
  0
  m
</Text>
`;

exports[`works as with falsey values 2`] = `
<Text
  accessible={true}
  allowFontScaling={true}
  disabled={false}
  ellipsizeMode="tail"
>
  0
  h 
  0
  m
</Text>
`;
