// Jest Snapshot v1, https://goo.gl/fbAQLP

exports[`RecentSearches renders 1`] = `
<React.Fragment>
  <Component
    style={
      Object {
        "padding": 10,
      }
    }
  >
    <Translation
      id="hotels_search.location_picker.recent_search"
    />
  </Component>
  <FlatList
    data={
      Array [
        Object {
          "id": "1",
          "name": "Rome",
        },
        Object {
          "id": "2",
          "name": "Oslo",
        },
      ]
    }
    disableVirtualization={false}
    horizontal={false}
    initialNumToRender={10}
    keyExtractor={[Function]}
    keyboardShouldPersistTaps="handled"
    maxToRenderPerBatch={10}
    numColumns={1}
    onEndReachedThreshold={2}
    onScroll={[Function]}
    renderItem={[Function]}
    scrollEventThrottle={50}
    updateCellsBatchingPeriod={50}
    windowSize={21}
  />
</React.Fragment>
`;

exports[`RecentSearches renders correctly with no locations 1`] = `null`;
