// Jest Snapshot v1, https://goo.gl/fbAQLP

exports[`NoAncillaryMessage Should render correctly 1`] = `
<View>
  <Text>
    <Text
      style={
        Array [
          Object {
            "color": "#171b1e",
            "fontFamily": "CircularPro-Book",
            "fontSize": 14,
            "fontWeight": "normal",
            "letterSpacing": -0.15,
          },
          undefined,
        ]
      }
    >
      No ancillary view found for the provided parameters.
    </Text>
  </Text>
</View>
`;
