// Jest Snapshot v1, https://goo.gl/fbAQLP

exports[`renders button with custom title 1`] = `
<TouchableItem
  activeOpacity={0.6}
  borderless={false}
  onPress={[Function]}
  pressColor="rgba(0, 0, 0, .32)"
>
  <View
    style={
      Array [
        Object {
          "borderRadius": 2,
          "flexDirection": "row",
          "height": 36,
        },
        undefined,
      ]
    }
  >
    <View
      style={
        Array [
          Object {
            "alignItems": "center",
            "backgroundColor": "#0097a9",
            "borderRadius": 2,
            "flexGrow": 1,
            "justifyContent": "center",
            "padding": 11,
            "paddingLeft": 0,
          },
          undefined,
        ]
      }
    >
      <Text
        style={
          Array [
            Object {
              "color": "#fff",
              "fontSize": 14,
              "fontWeight": "500",
            },
            undefined,
          ]
        }
      >
        My Button!
      </Text>
    </View>
  </View>
</TouchableItem>
`;
