// Jest Snapshot v1, https://goo.gl/fbAQLP

exports[`renders button with custom title 1`] = `
<Touchable
  borderlessRipple={false}
  disabled={false}
  onPress={[Function]}
  rippleColor="rgba(0, 0, 0, .32)"
>
  <Component
    style={
      Array [
        Object {
          "borderRadius": 2,
          "flexDirection": "row",
          "height": 36,
        },
        undefined,
      ]
    }
  >
    <Component
      style={
        Array [
          Object {
            "alignItems": "center",
            "backgroundColor": "#0097a9",
            "borderRadius": 2,
            "flexGrow": 1,
            "justifyContent": "center",
            "paddingLeft": 0,
            "paddingRight": 11,
          },
          undefined,
        ]
      }
    >
      <ButtonText
        style={
          Array [
            Object {
              "color": "#fff",
              "fontSize": 14,
              "fontWeight": "500",
            },
            undefined,
          ]
        }
        text={
          <Translation
            passThrough="My Button!"
          />
        }
      />
    </Component>
  </Component>
</Touchable>
`;
