// Jest Snapshot v1, https://goo.gl/fbAQLP

exports[`Guests Render all inputs 1`] = `
<View>
  <Button
    icon={
      Object {
        "color": "#757575",
        "name": "people",
      }
    }
    onPress={[Function]}
    styles={
      Object {
        "button": Object {
          "backgroundColor": "#fff",
          "borderRadius": 0,
        },
        "buttonText": Object {
          "color": "#212121",
          "fontWeight": "normal",
        },
        "buttonWrapper": Object {
          "elevation": 3,
          "margin": 3,
        },
        "icon": Object {
          "backgroundColor": "#fff",
          "borderBottomLeftRadius": 0,
          "borderTopLeftRadius": 0,
        },
      }
    }
    title="3 Guests"
  />
  <GuestsPopup
    guests={
      Object {
        "adultsCount": 3,
        "children": Array [],
      }
    }
    isVisible={false}
    onChange={[Function]}
    onClose={[Function]}
  />
</View>
`;
