// Jest Snapshot v1, https://goo.gl/fbAQLP

exports[`StarsFilter renders 1`] = `
<React.Fragment>
  <FilterButton
    icon={
      <TextIcon
        code="#"
      />
    }
    isActive={false}
    onPress={[Function]}
    title={
      <Translation
        id="hotels_search.filter.stars_filter.stars"
      />
    }
  />
  <StarsPopup
    isVisible={false}
    onClose={[Function]}
    onSave={[Function]}
    stars={Array []}
  />
</React.Fragment>
`;
