// Jest Snapshot v1, https://goo.gl/fbAQLP

exports[`StarsPopup should render popup 1`] = `
<ButtonPopup
  buttonTitle="Save"
  isVisible={true}
  onClose={[MockFunction]}
  onSave={[Function]}
>
  <Text
    style={
      Object {
        "color": "#424242",
        "paddingBottom": 5,
      }
    }
  >
    Hotel stars
  </Text>
  <StarsCheckbox
    isChecked={true}
    onPress={[Function]}
    stars={5}
    style={
      Object {
        "borderBottomColor": "#e0e0e0",
        "borderBottomWidth": 1,
      }
    }
  />
  <StarsCheckbox
    isChecked={false}
    onPress={[Function]}
    stars={4}
    style={
      Object {
        "borderBottomColor": "#e0e0e0",
        "borderBottomWidth": 1,
      }
    }
  />
  <StarsCheckbox
    isChecked={false}
    onPress={[Function]}
    stars={3}
    style={
      Object {
        "borderBottomColor": "#e0e0e0",
        "borderBottomWidth": 1,
      }
    }
  />
  <StarsCheckbox
    isChecked={false}
    onPress={[Function]}
    stars={2}
    style={
      Object {
        "borderBottomColor": "#e0e0e0",
        "borderBottomWidth": 1,
      }
    }
  />
  <StarsCheckbox
    isChecked={false}
    onPress={[Function]}
    stars={1}
    style={
      Object {
        "borderBottomColor": "#e0e0e0",
        "borderBottomWidth": 1,
      }
    }
  />
  <Checkbox
    isChecked={false}
    onPress={[Function]}
  >
    <Text
      style={
        Object {
          "fontSize": 16,
          "fontWeight": "300",
          "marginLeft": 3,
        }
      }
    >
      Unrated
    </Text>
  </Checkbox>
</ButtonPopup>
`;
