// Jest Snapshot v1, https://goo.gl/fbAQLP

exports[`StarsPopup should render popup 1`] = `
<ButtonPopup
  buttonTitle={
    <Translation
      id="HotelsSearch.Filter.StarsPopup.Save"
    />
  }
  isVisible={true}
  onClose={[Function]}
  onSave={[Function]}
>
  <Text
    style={
      Object {
        "color": "#79818a",
        "fontSize": 12,
        "paddingBottom": 5,
      }
    }
  >
    <Translation
      id="HotelsSearch.Filter.StarsPopup.Title"
    />
  </Text>
  <StarsCheckbox
    isChecked={true}
    onPress={[Function]}
    stars={5}
    style={
      Object {
        "borderBottomColor": "#edeff2",
        "borderBottomWidth": 1,
      }
    }
  />
  <StarsCheckbox
    isChecked={false}
    onPress={[Function]}
    stars={4}
    style={
      Object {
        "borderBottomColor": "#edeff2",
        "borderBottomWidth": 1,
      }
    }
  />
  <StarsCheckbox
    isChecked={false}
    onPress={[Function]}
    stars={3}
    style={
      Object {
        "borderBottomColor": "#edeff2",
        "borderBottomWidth": 1,
      }
    }
  />
  <StarsCheckbox
    isChecked={false}
    onPress={[Function]}
    stars={2}
    style={
      Object {
        "borderBottomColor": "#edeff2",
        "borderBottomWidth": 1,
      }
    }
  />
  <StarsCheckbox
    isChecked={false}
    onPress={[Function]}
    stars={1}
    style={
      Object {
        "borderBottomColor": "#edeff2",
        "borderBottomWidth": 1,
      }
    }
  />
  <Checkbox
    isChecked={false}
    onPress={[Function]}
  >
    <Text
      style={
        Object {
          "fontSize": 16,
          "marginLeft": 3,
        }
      }
    >
      <Translation
        id="HotelsSearch.Filter.StarsPopup.Unrated"
      />
    </Text>
  </Checkbox>
</ButtonPopup>
`;
