// Jest Snapshot v1, https://goo.gl/fbAQLP

exports[`StarsFilter renders 1`] = `
<UNDEFINED>
  <FilterButton
    icon={
      <Icon
        color="#7f91a8"
        name="star"
        size={18}
      />
    }
    isActive={false}
    onPress={[Function]}
    title={
      <Translation
        id="hotels_search.filter.stars_filter.stars"
      />
    }
  />
  <StarsPopup
    isVisible={false}
    onClose={[Function]}
    onSave={[Function]}
    stars={Array []}
  />
</UNDEFINED>
`;
