// Jest Snapshot v1, https://goo.gl/fbAQLP

exports[`TicketDeleteButton renders correctly when booking has local files 1`] = `
<View
  accessible={true}
  isTVSelectable={true}
  onResponderGrant={[Function]}
  onResponderMove={[Function]}
  onResponderRelease={[Function]}
  onResponderTerminate={[Function]}
  onResponderTerminationRequest={[Function]}
  onStartShouldSetResponder={[Function]}
  style={
    Object {
      "alignItems": "center",
      "backgroundColor": "transparent",
      "flexDirection": "row",
      "opacity": 1,
    }
  }
>
  <View
    style={
      Object {
        "alignItems": "center",
        "backgroundColor": "transparent",
        "flexDirection": "row",
      }
    }
  >
    <View
      style={
        Array [
          Object {
            "paddingVertical": 8,
          },
          Array [
            undefined,
            Object {
              "marginEnd": 10,
              "marginStart": 22,
            },
          ],
        ]
      }
    >
      <Text
        style={
          Array [
            Object {
              "color": "#171b1e",
              "fontFamily": "CircularPro-Book",
              "fontSize": 14,
              "fontWeight": "normal",
              "letterSpacing": -0.15,
            },
            Array [
              Object {
                "color": "#7f91a8",
                "fontFamily": "orbit-icons",
                "fontSize": 20,
                "includeFontPadding": false,
                "textAlignVertical": "center",
              },
              Object {
                "alignSelf": "flex-start",
                "color": "#00a991",
                "fontSize": 21,
              },
            ],
          ]
        }
      >
        <Text>
          W
        </Text>
      </Text>
    </View>
  </View>
</View>
`;

exports[`TicketDeleteButton renders correctly when booking has no local files 1`] = `null`;
