// Jest Snapshot v1, https://goo.gl/fbAQLP

exports[`TicketDeleteButton renders correctly when booking has local files 1`] = `
<View
  accessible={true}
  isTVSelectable={true}
  onResponderGrant={[Function]}
  onResponderMove={[Function]}
  onResponderRelease={[Function]}
  onResponderTerminate={[Function]}
  onResponderTerminationRequest={[Function]}
  onStartShouldSetResponder={[Function]}
  style={
    Object {
      "alignItems": "center",
      "backgroundColor": "transparent",
      "flexDirection": "row",
      "opacity": 1,
    }
  }
>
  <View
    style={
      Object {
        "alignItems": "center",
        "backgroundColor": "transparent",
        "flexDirection": "row",
      }
    }
  >
    <View
      style={
        Array [
          Object {
            "paddingVertical": 8,
          },
          Array [
            undefined,
            Object {
              "marginEnd": 10,
              "marginStart": 22,
            },
          ],
        ]
      }
    >
      <Text
        style={
          Array [
            Object {
              "fontFamily": "orbit-icons",
            },
            Object {
              "fontSize": 16,
              "height": 16,
              "lineHeight": 16,
              "width": 16,
            },
            Object {
              "color": "#00a991",
            },
            Object {
              "alignSelf": "flex-start",
            },
          ]
        }
      >
        W
      </Text>
    </View>
  </View>
</View>
`;

exports[`TicketDeleteButton renders correctly when booking has no local files 1`] = `null`;
