// Jest Snapshot v1, https://goo.gl/fbAQLP

exports[`renders as expected 1`] = `
<View
  style={
    Object {
      "alignItems": "center",
      "justifyContent": "center",
      "paddingVertical": 50,
    }
  }
>
  <Text
    style={
      Object {
        "color": "#7f91a8",
        "fontSize": 10,
      }
    }
  >
    <Translation
      id="single_hotel.powered_by"
    />
  </Text>
  <Component
    resizeMode="contain"
    source={
      Object {
        "testUri": "../../../app/hotels/src/singleHotel/brandLabel/bookingLogo.png",
      }
    }
    style={
      Object {
        "height": 14,
        "marginTop": 2,
      }
    }
  />
</View>
`;
