// Jest Snapshot v1, https://goo.gl/fbAQLP

exports[`renders a "not found" message when data is missing 1`] = `
<GeneralError
  errorMessage={
    <Translation
      id="hotels_search.all_hotels_search_list.no_hotels_found"
    />
  }
/>
`;

exports[`renders a "not found" message when no hotel is found 1`] = `
<GeneralError
  errorMessage={
    <Translation
      id="hotels_search.all_hotels_search_list.no_hotels_found"
    />
  }
/>
`;

exports[`renders found hotels 1`] = `
<FlatList
  ListFooterComponent={<Footer />}
  data={
    Array [
      Object {
        "$fragmentRefs": null,
        "$refType": null,
        "hotelId": "lol1",
        "id": "hotel1",
      },
      Object {
        "$fragmentRefs": null,
        "$refType": null,
        "hotelId": "lol2",
        "id": "hotel2",
      },
    ]
  }
  disableVirtualization={false}
  horizontal={false}
  initialNumToRender={10}
  keyExtractor={[Function]}
  maxToRenderPerBatch={10}
  numColumns={1}
  onEndReachedThreshold={2}
  removeClippedSubviews={false}
  renderItem={[Function]}
  scrollEventThrottle={50}
  updateCellsBatchingPeriod={50}
  windowSize={21}
/>
`;
