// Jest Snapshot v1, https://goo.gl/fbAQLP

exports[`renders a "not found" message when data is missing 1`] = `
<GeneralError
  errorMessage="No hotels found."
/>
`;

exports[`renders a "not found" message when no hotel is found 1`] = `
<GeneralError
  errorMessage="No hotels found."
/>
`;

exports[`renders found hotels 1`] = `
<View>
  <Relay(AllHotelsSearchRow)
    data={
      Object {
        "id": "hotel1",
      }
    }
    openSingleHotel={[Function]}
  />
  <Relay(AllHotelsSearchRow)
    data={
      Object {
        "id": "hotel2",
      }
    }
    openSingleHotel={[Function]}
  />
</View>
`;
