// Jest Snapshot v1, https://goo.gl/fbAQLP

exports[`renders a "not found" message when data is missing 1`] = `
<CenteredView>
  <Text>
    No hotels found
  </Text>
</CenteredView>
`;

exports[`renders a "not found" message when no hotel is found 1`] = `
<CenteredView>
  <Text>
    No hotels found
  </Text>
</CenteredView>
`;

exports[`renders found hotels 1`] = `
<View
  style={
    Object {
      "flex": 1,
      "paddingVertical": 3,
    }
  }
>
  <FlatList
    ListFooterComponent={
      <ListFooterLoading
        isLoading={false}
      />
    }
    data={
      Array [
        Object {
          "node": Object {
            "id": "hotel1",
          },
        },
        Object {
          "node": Object {
            "id": "hotel2",
          },
        },
      ]
    }
    disableVirtualization={false}
    horizontal={false}
    initialNumToRender={10}
    keyExtractor={[Function]}
    maxToRenderPerBatch={10}
    numColumns={1}
    onEndReached={[Function]}
    onEndReachedThreshold={2}
    renderItem={[Function]}
    scrollEnabled={false}
    scrollEventThrottle={50}
    updateCellsBatchingPeriod={50}
    windowSize={21}
  />
</View>
`;
