// Jest Snapshot v1, https://goo.gl/fbAQLP

exports[`creates correct URL 1`] = `"https://secure.booking.com/book.html?from_source=hotel&hostname=hotels.kiwi.com&hotel_id=1&stage=1&checkin=1970-01-02&interval=2&children_extrabeds=&nr_rooms_7709411_91461863_1_1_0=1&nr_rooms_7709404_91461863_0_1_0=2&rt_pos_selected=&aid=123&label=kiwi-ios-react-rn-test&lang=en&selected_currency=EUR"`;

exports[`creates correct URL 2`] = `"https://secure.booking.com/book.html?from_source=hotel&hostname=hotels.kiwi.com&hotel_id=2&stage=1&checkin=1970-01-03&interval=14&children_extrabeds=&nr_rooms_7709411_91461863_1_1_0=5&rt_pos_selected=&aid=321&label=kiwi-ios-react-rn-test&lang=cs&selected_currency=JPY"`;

exports[`creates correct URL 3`] = `
<React.Fragment>
  <StatusBar
    animated={false}
    barStyle="dark-content"
    showHideTransition="fade"
  />
  <WebView
    onNavigationStateChange={[Function]}
    source={
      Object {
        "uri": "https://secure.booking.com/book.html?from_source=hotel&hostname=hotels.kiwi.com&hotel_id=2&stage=1&checkin=1970-01-03&interval=14&children_extrabeds=&nr_rooms_7709411_91461863_1_1_0=5&rt_pos_selected=&aid=321&label=kiwi-ios-react-rn-test&lang=cs&selected_currency=JPY",
      }
    }
  />
</React.Fragment>
`;
