// Jest Snapshot v1, https://goo.gl/fbAQLP

exports[`renders failure and its children 1`] = `
Array [
  <div>
    Some content
  </div>,
  <View
    style={
      Object {
        "alignItems": "center",
        "backgroundColor": "#ffcdd2",
        "bottom": 0,
        "flex": 1,
        "flexDirection": "row",
        "left": 0,
        "paddingHorizontal": 10,
        "paddingVertical": 5,
        "position": "absolute",
        "right": 0,
      }
    }
  >
    <View
      style={
        Object {
          "alignItems": "center",
          "flex": 1,
          "justifyContent": "center",
        }
      }
    >
      <Text
        accessible={true}
        allowFontScaling={true}
        ellipsizeMode="tail"
      >
        Some parts of the page may be missing due to partial server error.
      </Text>
    </View>
    <View
      accessibilityComponentType={undefined}
      accessibilityLabel="Hide warning"
      accessibilityTraits={undefined}
      accessible={true}
      collapsable={undefined}
      hitSlop={undefined}
      isTVSelectable={true}
      nativeID={undefined}
      onLayout={undefined}
      onResponderGrant={[Function]}
      onResponderMove={[Function]}
      onResponderRelease={[Function]}
      onResponderTerminate={[Function]}
      onResponderTerminationRequest={[Function]}
      onStartShouldSetResponder={[Function]}
      style={
        Object {
          "opacity": 1,
        }
      }
      testID={undefined}
      tvParallaxProperties={undefined}
    >
      <Text
        accessible={true}
        allowFontScaling={true}
        ellipsizeMode="tail"
      />
    </View>
  </View>,
]
`;
